
[TestVersion/Test_the_version_command_for_appropriate_output - 1]
Version: 1.0.0
Build Time: 2024-03-16_10:50:11PM

---
